npx.cmd : PASS tests/hooks/useWallet.test.ts (9.709 s)
At line:1 char:1
+ npx.cmd jest > jest.log 2>&1 ; exit $LASTEXITCODE
+ ~~~~~~~~~~~~~~~~~~~~~~~~~~~~
    + CategoryInfo          : NotSpecified: (PASS tests/hook...st.ts (9.709 s) 
   :String) [], RemoteException
    + FullyQualifiedErrorId : NativeCommandError
 
  ÔùÅ Console

    console.error
      Warning: An update to TestComponent inside a test was not wrapped in 
act(...).
      
      When testing, code that causes React state updates should be wrapped 
into act(...):
      
      act(() => {
        /* fire events that update state */
      });
      /* assert on the output */
      
      This ensures that you're testing the behavior the user would see in the 
browser. Learn more at https://reactjs.org/link/wrap-tests-with-act
          at TestComponent (C:\Users\useer\OneDrive\Desktop\Stellar\Validity St
udio\validity-dashboard\node_modules\@testing-library\react\dist\pure.js:307:5)

    [0m [90m 17 |[39m         [36mif[39m ([36mawait[39m isConnected()) {
     [90m 18 |[39m           [36mconst[39m publicKey [33m=[39m 
[36mawait[39m getPublicKey()[33m;[39m
    [31m[1m>[22m[39m[90m 19 |[39m           
setAddress(publicKey)[33m;[39m
     [90m    |[39m           [31m[1m^[22m[39m
     [90m 20 |[39m         }
     [90m 21 |[39m       } [36mcatch[39m (err) {
     [90m 22 |[39m         console[33m.[39merror([32m"Failed to check 
wallet connection:"[39m[33m,[39m err)[33m;[39m[0m

      at printWarning 
(node_modules/react-dom/cjs/react-dom.development.js:86:30)
      at error (node_modules/react-dom/cjs/react-dom.development.js:60:7)
      at warnIfUpdatesNotWrappedWithActDEV 
(node_modules/react-dom/cjs/react-dom.development.js:27628:9)
      at scheduleUpdateOnFiber 
(node_modules/react-dom/cjs/react-dom.development.js:25547:5)
      at dispatchSetState 
(node_modules/react-dom/cjs/react-dom.development.js:16708:7)
      at setAddress (src/hooks/useWallet.ts:19:11)

PASS tests/components/BalanceCard.test.tsx (10.233 s)

Test Suites: 2 passed, 2 total
Tests:       6 passed, 6 total
Snapshots:   0 total
Time:        22.69 s
Ran all test suites.
